Using device: cuda
Using empirical pseudo-label distribution: [0.0846, 0.0963, 0.0546, 0.1311, 0.0982, 0.1783, 0.0917, 0.102, 0.0701, 0.093]
epoch 001 step 000100 loss 0.2268
epoch 001 step 000200 loss 0.0856
epoch 001 step 000300 loss 0.0747
epoch 002 step 000400 loss 0.0064
epoch 002 step 000500 loss 0.0642
epoch 002 step 000600 loss 0.0624
epoch 002 step 000700 loss 0.0605
epoch 003 step 000800 loss 0.0118
epoch 003 step 000900 loss 0.0565
epoch 003 step 001000 loss 0.0558
epoch 003 step 001100 loss 0.0547
epoch 004 step 001200 loss 0.0153
epoch 004 step 001300 loss 0.0525
epoch 004 step 001400 loss 0.0527
epoch 004 step 001500 loss 0.0525
epoch 005 step 001600 loss 0.0213
epoch 005 step 001700 loss 0.0528
epoch 005 step 001800 loss 0.0529
epoch 005 step 001900 loss 0.0525
epoch 006 step 002000 loss 0.0255
epoch 006 step 002100 loss 0.0509
epoch 006 step 002200 loss 0.0514
epoch 006 step 002300 loss 0.0507
epoch 007 step 002400 loss 0.0304
epoch 007 step 002500 loss 0.0507
epoch 007 step 002600 loss 0.0496
epoch 007 step 002700 loss 0.0499
epoch 008 step 002800 loss 0.0344
epoch 008 step 002900 loss 0.0503
epoch 008 step 003000 loss 0.0497
epoch 008 step 003100 loss 0.0498
epoch 009 step 003200 loss 0.0399
epoch 009 step 003300 loss 0.0495
epoch 009 step 003400 loss 0.0484
epoch 009 step 003500 loss 0.0484
epoch 010 step 003600 loss 0.0436
epoch 010 step 003700 loss 0.0479
epoch 010 step 003800 loss 0.0495
epoch 010 step 003900 loss 0.0487
epoch 011 step 004000 loss 0.0482
epoch 011 step 004100 loss 0.0482
epoch 011 step 004200 loss 0.0479
epoch 012 step 004300 loss 0.0046
epoch 012 step 004400 loss 0.0472
epoch 012 step 004500 loss 0.0471
epoch 012 step 004600 loss 0.0479
epoch 013 step 004700 loss 0.0097
epoch 013 step 004800 loss 0.0476
epoch 013 step 004900 loss 0.0465
epoch 013 step 005000 loss 0.0474
epoch 014 step 005100 loss 0.0143
epoch 014 step 005200 loss 0.0474
epoch 014 step 005300 loss 0.0476
epoch 014 step 005400 loss 0.0467
epoch 015 step 005500 loss 0.0185
epoch 015 step 005600 loss 0.0470
epoch 015 step 005700 loss 0.0467
epoch 015 step 005800 loss 0.0467
epoch 016 step 005900 loss 0.0229
epoch 016 step 006000 loss 0.0482
epoch 016 step 006100 loss 0.0473
epoch 016 step 006200 loss 0.0466
epoch 017 step 006300 loss 0.0281
epoch 017 step 006400 loss 0.0457
epoch 017 step 006500 loss 0.0486
epoch 017 step 006600 loss 0.0461
epoch 018 step 006700 loss 0.0325
epoch 018 step 006800 loss 0.0468
epoch 018 step 006900 loss 0.0470
epoch 018 step 007000 loss 0.0468
epoch 019 step 007100 loss 0.0381
epoch 019 step 007200 loss 0.0465
epoch 019 step 007300 loss 0.0458
epoch 019 step 007400 loss 0.0476
epoch 020 step 007500 loss 0.0419
epoch 020 step 007600 loss 0.0465
epoch 020 step 007700 loss 0.0473
epoch 020 step 007800 loss 0.0465
